Java HotSpot(TM) 64-Bit Server VM (25.151-b12) for windows-amd64 JRE (1.8.0_151-b12), built on Sep  5 2017 19:33:46 by "java_re" with MS VC++ 10.0 (VS2010)
Memory: 4k page, physical 8278180k(2698884k free), swap 13521060k(5507516k free)
CommandLine flags: -XX:InitialHeapSize=62914560 -XX:MaxHeapSize=62914560 -XX:+PrintGC -XX:+PrintGCDetails -XX:+PrintGCTimeStamps -XX:+UseCompressedClassPointers -XX:+UseCompressedOops -XX:-UseLargePagesIndividualAllocation -XX:+UseParallelGC 
8.601: [GC (Allocation Failure) [PSYoungGen: 15263K->2556K(17920K)] 15263K->13182K(58880K), 0.0062222 secs] [Times: user=0.05 sys=0.00, real=0.00 secs] 
17.511: [GC (Allocation Failure) [PSYoungGen: 17863K->2524K(17920K)] 28490K->28052K(58880K), 0.0081098 secs] [Times: user=0.00 sys=0.00, real=0.00 secs] 
17.519: [Full GC (Ergonomics) [PSYoungGen: 2524K->0K(17920K)] [ParOldGen: 25528K->27931K(40960K)] 28052K->27931K(58880K), [Metaspace: 3313K->3313K(1056768K)], 0.0087623 secs] [Times: user=0.00 sys=0.00, real=0.00 secs] 
26.505: [Full GC (Ergonomics) [PSYoungGen: 15300K->2400K(17920K)] [ParOldGen: 27931K->40733K(40960K)] 43231K->43134K(58880K), [Metaspace: 3313K->3313K(1056768K)], 0.0143468 secs] [Times: user=0.00 sys=0.00, real=0.01 secs] 
Heap
 PSYoungGen      total 17920K, used 10307K [0x00000000fec00000, 0x0000000100000000, 0x0000000100000000)
  eden space 15360K, 67% used [0x00000000fec00000,0x00000000ff610db0,0x00000000ffb00000)
  from space 2560K, 0% used [0x00000000ffd80000,0x00000000ffd80000,0x0000000100000000)
  to   space 2560K, 0% used [0x00000000ffb00000,0x00000000ffb00000,0x00000000ffd80000)
 ParOldGen       total 40960K, used 40733K [0x00000000fc400000, 0x00000000fec00000, 0x00000000fec00000)
  object space 40960K, 99% used [0x00000000fc400000,0x00000000febc76d0,0x00000000fec00000)
 Metaspace       used 3320K, capacity 4556K, committed 4864K, reserved 1056768K
  class space    used 355K, capacity 392K, committed 512K, reserved 1048576K
